../Core/Src/main.c:99:11:Dir_Joystick	4	static
../Core/Src/main.c:109:6:Move_Pacman	16	static
../Core/Src/main.c:152:6:LCD_Display_Charactor	32	static
../Core/Src/main.c:191:6:Move_Enemy	24	static
../Core/Src/main.c:230:6:LCD_Display_Enemy	32	static
../Core/Src/main.c:237:13:GameStatus	32	static
../Core/Src/main.c:292:6:LevelupInit	24	static
../Core/Src/main.c:310:6:HAL_TIM_PeriodElapsedCallback	16	static
../Core/Src/main.c:316:6:StartSound	8	static
../Core/Src/main.c:331:6:LoseSound	8	static
../Core/Src/main.c:351:6:WinSound	8	static
../Core/Src/main.c:399:5:main	376	static
../Core/Src/main.c:558:6:SystemClock_Config	88	static
../Core/Src/main.c:607:6:Error_Handler	4	static,ignoring_inline_asm
