17:58:00 **** Incremental Build of configuration Debug for project Project_PackMan_ ****
make -j4 all 
arm-none-eabi-gcc "../Core/Src/main.c" -mcpu=cortex-m4 -std=gnu11 -g3 -DDEBUG -DUSE_HAL_DRIVER -DSTM32F411xE -c -I../Core/Inc -I../Drivers/STM32F4xx_HAL_Driver/Inc -I../Drivers/STM32F4xx_HAL_Driver/Inc/Legacy -I../Drivers/CMSIS/Device/ST/STM32F4xx/Include -I../Drivers/CMSIS/Include -O0 -ffunction-sections -fdata-sections -Wall -fstack-usage -fcyclomatic-complexity -MMD -MP -MF"Core/Src/main.d" -MT"Core/Src/main.o" --specs=nano.specs -mfpu=fpv4-sp-d16 -mfloat-abi=hard -mthumb -o "Core/Src/main.o"
../Core/Src/main.c: In function 'LCD_Display_Charactor':
../Core/Src/main.c:172:33: warning: suggest parentheses around assignment used as truth value [-Wparentheses]
  172 |                         else if(character->past_position[i][j] = 1) // 먹이를 먹은 자리만 clear(OverWrite하기 위해)
      |                                 ^~~~~~~~~
../Core/Src/main.c: In function 'GameStatus':
../Core/Src/main.c:250:17: warning: implicit declaration of function 'LoseSound' [-Wimplicit-function-declaration]
  250 |                 LoseSound();
      |                 ^~~~~~~~~
../Core/Src/main.c:255:17: warning: implicit declaration of function 'WinSound' [-Wimplicit-function-declaration]
  255 |                 WinSound();
      |                 ^~~~~~~~
../Core/Src/main.c:263:17: warning: implicit declaration of function 'LevelupInit' [-Wimplicit-function-declaration]
  263 |                 LevelupInit(character, enemy);
      |                 ^~~~~~~~~~~
../Core/Src/main.c: At top level:
../Core/Src/main.c:292:6: warning: conflicting types for 'LevelupInit'; have 'void(Character *, Enemy *)'
  292 | void LevelupInit(Character *character, Enemy *enemy)
      |      ^~~~~~~~~~~
../Core/Src/main.c:263:17: note: previous implicit declaration of 'LevelupInit' with type 'void(Character *, Enemy *)'
  263 |                 LevelupInit(character, enemy);
      |                 ^~~~~~~~~~~
../Core/Src/main.c:331:6: warning: conflicting types for 'LoseSound'; have 'void()'
  331 | void LoseSound()
      |      ^~~~~~~~~
../Core/Src/main.c:250:17: note: previous implicit declaration of 'LoseSound' with type 'void()'
  250 |                 LoseSound();
      |                 ^~~~~~~~~
../Core/Src/main.c:351:6: warning: conflicting types for 'WinSound'; have 'void()'
  351 | void WinSound()
      |      ^~~~~~~~
../Core/Src/main.c:255:17: note: previous implicit declaration of 'WinSound' with type 'void()'
  255 |                 WinSound();
      |                 ^~~~~~~~
arm-none-eabi-gcc -o "Project_PackMan_.elf" @"objects.list"   -mcpu=cortex-m4 -T"C:\Ian_Jung\workplace\Project\Project_Pacman\Project_PackMan_\STM32F411RETX_FLASH.ld" --specs=nosys.specs -Wl,-Map="Project_PackMan_.map" -Wl,--gc-sections -static --specs=nano.specs -mfpu=fpv4-sp-d16 -mfloat-abi=hard -mthumb -Wl,--start-group -lc -lm -Wl,--end-group
Finished building target: Project_PackMan_.elf
 
arm-none-eabi-size   Project_PackMan_.elf 
arm-none-eabi-objdump -h -S  Project_PackMan_.elf  > "Project_PackMan_.list"
   text	   data	    bss	    dec	    hex	filename
  27112	    116	   2388	  29616	   73b0	Project_PackMan_.elf
Finished building: default.size.stdout
 
Finished building: Project_PackMan_.list
 
17:58:03 **** Incremental Build of configuration Debug for project Project_PackMan_ ****
make -j4 all 
arm-none-eabi-size   Project_PackMan_.elf 
   text	   data	    bss	    dec	    hex	filename
  27112	    116	   2388	  29616	   73b0	Project_PackMan_.elf
Finished building: default.size.stdout
 
